[2026-03-27 20:52:51 ET] [INFO] ============================================================
[2026-03-27 20:52:51 ET] [INFO] Starting full scan
[2026-03-27 20:52:51 ET] [INFO] Bankroll: $200.00 | Max single bet: $10.00 | Kelly fraction: 25%
[2026-03-27 20:52:51 ET] [INFO]   americanfootball_nfl: 0 games (fresh) — 500 API calls left this month
[2026-03-27 20:52:51 ET] [INFO]   basketball_nba: 16 games (fresh) — 497 API calls left this month
[2026-03-27 20:52:59 ET] [INFO]   baseball_mlb: 22 games (fresh) — 494 API calls left this month
[2026-03-27 20:53:15 ET] [INFO]   icehockey_nhl: 17 games (fresh) — 491 API calls left this month
[2026-03-27 20:53:25 ET] [INFO]   soccer_usa_mls: 15 games (fresh) — 488 API calls left this month
[2026-03-27 20:53:26 ET] [INFO]   soccer_epl: 20 games (fresh) — 485 API calls left this month
[2026-03-27 20:53:26 ET] [WARN]   soccer_esp_la_liga: API error 404 — using cache
[2026-03-27 20:53:26 ET] [WARN]   soccer_ger_bundesliga: API error 404 — using cache
[2026-03-27 20:53:26 ET] [WARN]   soccer_ita_serie_a: API error 404 — using cache
[2026-03-27 20:53:27 ET] [WARN]   soccer_fra_ligue_one: API error 404 — using cache
[2026-03-27 20:53:27 ET] [INFO] Scan complete — 40 games checked, 0 alerts (silence = discipline)
[2026-03-27 20:53:27 ET] [INFO] ============================================================
[2026-03-27 21:05:18 ET] [INFO] ============================================================
[2026-03-27 21:05:18 ET] [INFO] Running morning briefing scan (7am)
[2026-03-27 21:05:18 ET] [INFO] ============================================================
[2026-03-27 21:05:18 ET] [INFO] Starting morning scan
[2026-03-27 21:05:18 ET] [INFO] Bankroll: $200.00 | Max single bet: $10.00 | Kelly fraction: 25%
[2026-03-27 21:05:19 ET] [INFO]   americanfootball_nfl: 0 games (cached)
[2026-03-27 21:05:19 ET] [INFO]   basketball_nba: 16 games (cached)
[2026-03-27 21:05:23 ET] [INFO]   baseball_mlb: 22 games (cached)
[2026-03-27 21:05:33 ET] [INFO]   icehockey_nhl: 17 games (cached)
[2026-03-27 21:05:39 ET] [INFO]   soccer_usa_mls: 15 games (cached)
[2026-03-27 21:05:39 ET] [INFO]   soccer_epl: 20 games (cached)
[2026-03-27 21:05:39 ET] [WARN]   soccer_esp_la_liga: API error 404 — using cache
[2026-03-27 21:05:40 ET] [WARN]   soccer_ger_bundesliga: API error 404 — using cache
[2026-03-27 21:05:40 ET] [WARN]   soccer_ita_serie_a: API error 404 — using cache
[2026-03-27 21:05:40 ET] [WARN]   soccer_fra_ligue_one: API error 404 — using cache
[2026-03-27 21:05:40 ET] [INFO] Morning scan complete — 40 games checked, 0 opportunities
[2026-03-27 21:05:40 ET] [INFO] Morning briefing complete
[2026-03-27 21:05:40 ET] [INFO] ============================================================
